// Jest Snapshot v1, https://goo.gl/fbAQLP

exports[`pruebas en el componente counter debera mostrar el snapshot del componente counter 1`] = `
<Fragment>
  <h1>
    Counter 
  </h1>
  <h2>
    10
  </h2>
  <button
    onClick={[Function]}
  >
    + 1
  </button>
  <button
    onClick={[Function]}
  >
    - 1
  </button>
  <button
    onClick={[Function]}
  >
    reset
  </button>
</Fragment>
`;
